09:20:35 **** Incremental Build of configuration Debug for project BCD_Digits ****
make -j4 all 
arm-none-eabi-gcc "../Core/Src/main.c" -mcpu=cortex-m4 -std=gnu11 -g3 -DDEBUG -DUSE_HAL_DRIVER -DSTM32F401xE -c -I../Core/Inc -I../Drivers/STM32F4xx_HAL_Driver/Inc -I../Drivers/STM32F4xx_HAL_Driver/Inc/Legacy -I../Drivers/CMSIS/Device/ST/STM32F4xx/Include -I../Drivers/CMSIS/Include -O0 -ffunction-sections -fdata-sections -Wall -fstack-usage -fcyclomatic-complexity -MMD -MP -MF"Core/Src/main.d" -MT"Core/Src/main.o" --specs=nano.specs -mfpu=fpv4-sp-d16 -mfloat-abi=hard -mthumb -o "Core/Src/main.o"
arm-none-eabi-gcc -o "BCD_Digits.elf" @"objects.list"   -mcpu=cortex-m4 -T"N:\ECE 298\STM32_Wrokspace\BCD_Digits\STM32F401RETX_FLASH.ld" --specs=nosys.specs -Wl,-Map="BCD_Digits.map" -Wl,--gc-sections -static --specs=nano.specs -mfpu=fpv4-sp-d16 -mfloat-abi=hard -mthumb -Wl,--start-group -lc -lm -Wl,--end-group
Finished building target: BCD_Digits.elf
 
arm-none-eabi-size  BCD_Digits.elf 
arm-none-eabi-objdump -h -S BCD_Digits.elf  > "BCD_Digits.list"
   text	   data	    bss	    dec	    hex	filename
   8244	     12	   1644	   9900	   26ac	BCD_Digits.elf
Finished building: default.size.stdout
 
Finished building: BCD_Digits.list
 
09:20:38 **** Incremental Build of configuration Debug for project BCD_Digits ****
make -j4 all 
arm-none-eabi-size  BCD_Digits.elf 
   text	   data	    bss	    dec	    hex	filename
   8244	     12	   1644	   9900	   26ac	BCD_Digits.elf
Finished building: default.size.stdout
 
09:22:40 **** Incremental Build of configuration Debug for project BCD_Digits ****
make -j4 all 
arm-none-eabi-size  BCD_Digits.elf 
   text	   data	    bss	    dec	    hex	filename
   8244	     12	   1644	   9900	   26ac	BCD_Digits.elf
Finished building: default.size.stdout
 
09:23:00 **** Incremental Build of configuration Debug for project BCD_Digits ****
make -j4 all 
arm-none-eabi-size  BCD_Digits.elf 
   text	   data	    bss	    dec	    hex	filename
   8244	     12	   1644	   9900	   26ac	BCD_Digits.elf
Finished building: default.size.stdout
 
09:24:05 **** Incremental Build of configuration Debug for project BCD_Digits ****
make -j4 all 
arm-none-eabi-size  BCD_Digits.elf 
   text	   data	    bss	    dec	    hex	filename
   8244	     12	   1644	   9900	   26ac	BCD_Digits.elf
Finished building: default.size.stdout
 
