11:32:24 **** Incremental Build of configuration Debug for project Water_Reservoir_System ****
make -j4 all 
arm-none-eabi-gcc "../Core/Src/main.c" -mcpu=cortex-m4 -std=gnu11 -g3 -DDEBUG -DUSE_HAL_DRIVER -DSTM32F401xE -c -I../Core/Inc -I../Drivers/STM32F4xx_HAL_Driver/Inc -I../Drivers/STM32F4xx_HAL_Driver/Inc/Legacy -I../Drivers/CMSIS/Device/ST/STM32F4xx/Include -I../Drivers/CMSIS/Include -O0 -ffunction-sections -fdata-sections -Wall -fstack-usage -fcyclomatic-complexity -MMD -MP -MF"Core/Src/main.d" -MT"Core/Src/main.o" --specs=nano.specs -mfpu=fpv4-sp-d16 -mfloat-abi=hard -mthumb -o "Core/Src/main.o"
arm-none-eabi-gcc -o "Water_Reservoir_System.elf" @"objects.list"   -mcpu=cortex-m4 -T"N:\ECE298\STM32_Workspace\Water_Reservoir_System\STM32F401RETX_FLASH.ld" --specs=nosys.specs -Wl,-Map="Water_Reservoir_System.map" -Wl,--gc-sections -static --specs=nano.specs -mfpu=fpv4-sp-d16 -mfloat-abi=hard -mthumb -Wl,--start-group -lc -lm -Wl,--end-group
Finished building target: Water_Reservoir_System.elf
 
arm-none-eabi-size  Water_Reservoir_System.elf 
arm-none-eabi-objdump -h -S Water_Reservoir_System.elf  > "Water_Reservoir_System.list"
   text	   data	    bss	    dec	    hex	filename
  29240	    104	   2520	  31864	   7c78	Water_Reservoir_System.elf
Finished building: default.size.stdout
 
Finished building: Water_Reservoir_System.list
 
11:32:29 **** Incremental Build of configuration Debug for project Water_Reservoir_System ****
make -j4 all 
arm-none-eabi-size  Water_Reservoir_System.elf 
   text	   data	    bss	    dec	    hex	filename
  29240	    104	   2520	  31864	   7c78	Water_Reservoir_System.elf
Finished building: default.size.stdout
 
